=========================================
RUNNING DETERMINISTIC GUARDRAILS AUDIT...
=========================================

TEST CASE 1: Compliant AI Output (Matches Playbook)
Status: PASSED
Changes Made: false
Verified Output Preview:
---
[­ƒøí´©Å VERIFIED CRITICAL ALERT - MEDICAL_SECTOR_102]
Medical emergency flagged in Sector 102. Ground crews, immediately dispatch Medics Team 3 to the location. The evacuation route is Tunnel Exit 4 to Concourse Corridor South. Please transport the patient immediately to Medical Station Echo (Room 2B-Level 1) for urgent care.

Data Integrity Status: Validated via Deterministic System Playbook v1.02. Hallucination Risk: 0%.
---
-----------------------------------------

TEST CASE 2: Hallucinated AI Output (Deviates Room / Team)
Status: OVERRIDDEN
Changes Made: true
Discrepancies Audited:
  Missing or incorrect facility reference: Expected "Medical Station Echo"
  Missing or incorrect room layout info: Expected "Room 2B-Level 1"
  Missing or incorrect evacuation routing: Expected "Tunnel Exit 4 to Concourse Corridor South"
  Missing or incorrect dispatch team: Expected "Medics Team 3"
  Hallucination detected: Output references "Room 9B-Level 10" instead of "Room 2B-Level 1"
Verified Output Preview (Intercepted & Corrected):
---
[­ƒøí´©Å VERIFIED CRITICAL ALERT - MEDICAL_SECTOR_102] Incident logged in stadium digital twin.

Emergency Protocol Initiated:
- Primary Destination: Medical Station Echo (Room 2B-Level 1)
- Evacuation Route: Tunnel Exit 4 to Concourse Corridor South
- Action Plan: Dispatch Medics Team 3 immediately to coordinates. Ground staff must secure the area and ensure the evacuation corridor is kept clear.

Data Integrity Status: Auto-Corrected via Deterministic System Playbook v1.02. Hallucination Risk: 0%.
---
-----------------------------------------

TEST CASE 3: Hallucinated AI Output for Sector 310 Water Shortage
Status: OVERRIDDEN
Changes Made: true
Discrepancies Audited:
  Missing or incorrect facility reference: Expected "Logistics Hub North"
  Missing or incorrect room layout info: Expected "Supply Depot 3A"
  Missing or incorrect evacuation routing: Expected "Service Lift Delta to Third Tier Concourse"
  Missing or incorrect dispatch team: Expected "Logistics Support Unit 1"
Verified Output Preview (Intercepted & Corrected):
---
[­ƒøí´©Å VERIFIED CRITICAL ALERT - WATER_SHORTAGE_SECTOR_310] Incident logged in stadium digital twin.

Emergency Protocol Initiated:
- Primary Destination: Logistics Hub North (Supply Depot 3A)
- Evacuation Route: Service Lift Delta to Third Tier Concourse
- Action Plan: Dispatch Logistics Support Unit 1 immediately to coordinates. Ground staff must secure the area and ensure the evacuation corridor is kept clear.

Data Integrity Status: Auto-Corrected via Deterministic System Playbook v1.02. Hallucination Risk: 0%.
---
-----------------------------------------

TEST CASE 4: Hallucinated AI Output for Food Court Overflow Zone A
Status: OVERRIDDEN
Changes Made: true
Discrepancies Audited:
  Missing or incorrect facility reference: Expected "Crowd Control Command"
  Missing or incorrect room layout info: Expected "Concourse Sector A Queue Lanes"
  Missing or incorrect evacuation routing: Expected "External Plaza Gates 1-3"
  Missing or incorrect dispatch team: Expected "Steward Team Bravo"
Verified Output Preview (Intercepted & Corrected):
---
[­ƒøí´©Å VERIFIED CRITICAL ALERT - FOOD_COURT_OVERFLOW_ZONE_A] Incident logged in stadium digital twin.

Emergency Protocol Initiated:
- Primary Destination: Crowd Control Command (Concourse Sector A Queue Lanes)
- Evacuation Route: External Plaza Gates 1-3
- Action Plan: Dispatch Steward Team Bravo immediately to coordinates. Ground staff must secure the area and ensure the evacuation corridor is kept clear.

Data Integrity Status: Auto-Corrected via Deterministic System Playbook v1.02. Hallucination Risk: 0%.
---
-----------------------------------------

Ô£à ALL GUARDRAIL ENFORCEMENT VERIFICATIONS PASSED!
